
<head><link rel="stylesheet" type="text/css" href="/Content/style.css" ></head>
<body>
<section id="" title="">
<a class="tab" href="#"></a>
<div class="content">
<h1></h1>
        
<h2>The following public types have been removed</h2>
<ul>
  <li><code>Example.MissingNextVersionClass</code></li>
</ul>
        
<h2>The following public types have been made internal.</h2>
<ul>
  <li><code>Example.InternalNextVersionClass</code></li>
</ul>
        
<h2>The following types have differences.</h2>

    <h3>Example.ClassToBeObsoletedWithErrorInNextVersion - Obsoleted</h3>
    <p>This type should no longer be used, use XYZ instead. Obsoleted with error.</p>














    <h3>Example.ClassToBeObsoletedWithWarnInNextVersion - Obsoleted</h3>
    <p>This type should no longer be used, use XYZ instead. Will be treated as an error from version 2.0.0. Obsoleted with warning.</p>














  <h3>Example.ClassWithMembersToBeObsoletedWithErrorInNextVersion</h3>





<h4>Fields Obsoleted</h4>
<ul>
  <li><code>string StringField</code><br/> Use xyz instead. Will be removed in version 2.0.0. Obsoleted with error.</li>
</ul>






<h4>Methods Obsoleted</h4>
<ul>
  <li><code>string get_StringProperty()</code><br/> Can safely be removed. Will be removed in version 2.0.0. Obsoleted with error.</li>
  <li><code>void Method()</code><br/> This is how to do it. Will be removed in version 2.0.0. Obsoleted with error.</li>
  <li><code>void set_StringProperty(string)</code><br/> Can safely be removed. Will be removed in version 2.0.0. Obsoleted with error.</li>
</ul>


  <h3>Example.ClassWithMembersToBeObsoletedWithWarnInNextVersion</h3>





<h4>Fields Obsoleted</h4>
<ul>
  <li><code>string StringField</code><br/> Use xyz instead. Will be treated as an error from version 2.0.0. Will be removed in version 3.0.0. Obsoleted with warning.</li>
</ul>






<h4>Methods Obsoleted</h4>
<ul>
  <li><code>string get_StringProperty()</code><br/> Can safely be removed. Will be treated as an error from version 2.0.0. Will be removed in version 3.0.0. Obsoleted with warning.</li>
  <li><code>void Method()</code><br/> This is how to do it. Will be treated as an error from version 2.0.0. Will be removed in version 3.0.0. Obsoleted with warning.</li>
  <li><code>void set_StringProperty(string)</code><br/> Can safely be removed. Will be treated as an error from version 2.0.0. Will be removed in version 3.0.0. Obsoleted with warning.</li>
</ul>


  <h3>Example.IMethodChangesParametersNextVersion</h3>









<h4>Methods Removed</h4>
<ul>
  <li><code>void MethodName(string)</code></li>
</ul>




  <h3>Example.MemberInternalNextVersion</h3>

<h4>Fields changed to non-public</h4>
<ul>
  <li><code>string StringField</code></li>
</ul>






<h4>Methods changed to non-public</h4>
<ul>
  <li><code>string get_StringProperty()</code></li>
  <li><code>void Method()</code></li>
  <li><code>void set_StringProperty(string)</code></li>
</ul>






  <h3>Example.MemberMissingNextVersion</h3>



<h4>Fields Removed</h4>
<ul>
  <li><code>string StringField</code></li>
</ul>






<h4>Methods Removed</h4>
<ul>
  <li><code>string get_StringProperty()</code></li>
  <li><code>void Method()</code></li>
  <li><code>void set_StringProperty(string)</code></li>
</ul>




  <h3>Example.MemberObsoleteNextVersion</h3>



<h4>Fields Removed</h4>
<ul>
  <li><code>string NotObsoletedFieldShouldBeIncluded</code></li>
</ul>






<h4>Methods Removed</h4>
<ul>
  <li><code>void NotObsoletedMethodShouldBeIncluded()</code></li>
</ul>




    </div>
</section>
</body>