# Changes in current version

## The following types are no longer available

### Example.ClassObsoletedWithWarnShouldBeIncludedIfRemoved
Some message.

### Example.MissingNextVersionClass
No upgrade instructions provided.

### Example.ClassObsoletedWithWarnShouldBeIncludedIfInternalized
Some message.

### Example.InternalNextVersionClass
No upgrade instructions provided.

### Example.ClassToBeObsoletedWithErrorInNextVersion
This type should no longer be used, use XYZ instead.

## Types with removed members

### Example.MemberMissingNextVersion
#### Removed fields

* `string StringField` - No upgrade instructions provided.

#### Removed methods

* `string get_StringProperty()` - No upgrade instructions provided.
* `void Method()` - No upgrade instructions provided.
* `void set_StringProperty(string)` - No upgrade instructions provided.

### Example.MemberObsoleteNextVersion
#### Removed fields

* `string NotObsoletedFieldShouldBeIncluded` - No upgrade instructions provided.

#### Removed methods

* `void NotObsoletedMethodShouldBeIncluded()` - No upgrade instructions provided.

### Example.IMethodChangesParametersNextVersion
#### Removed methods

* `void MethodName(string)` - No upgrade instructions provided.

### Example.ClassWithMembersToBeObsoletedWithErrorInNextVersion
#### Removed fields

* `string StringField` - Use xyz instead.

#### Removed methods

* `string get_StringProperty()` - Can safely be removed.
* `void Method()` - This is how to do it.
* `void set_StringProperty(string)` - Can safely be removed.

### Example.MemberInternalNextVersion
#### Removed fields

* `string StringField` - No upgrade instructions provided.

#### Removed methods

* `string get_StringProperty()` - No upgrade instructions provided.
* `void Method()` - No upgrade instructions provided.
* `void set_StringProperty(string)` - No upgrade instructions provided.

# Upcoming changes in Version - 2.0.0

## The following types are no longer available

### Example.ClassToBeObsoletedWithWarnInNextVersion
This type should no longer be used, use XYZ instead.

## Types with removed members

### Example.ClassWithMembersToBeObsoletedWithWarnInNextVersion
#### Removed fields

* `string StringField` - Use xyz instead.

#### Removed methods

* `string get_StringProperty()` - Can safely be removed.
* `void Method()` - This is how to do it.
* `void set_StringProperty(string)` - Can safely be removed.

